// Jest Snapshot v1, https://goo.gl/fbAQLP

exports[`should correctly render Footer page 1`] = `
<div
  className="footer"
>
  <div
    className="container"
  >
    <div
      className="row"
    >
      <div
        className="footer-col-1"
      >
        <h3>
          Download Our App
        </h3>
        <p>
          Download App for Android and ios mobile phone.
        </p>
        <div
          className="app-logo"
        >
          <img
            alt="Play store"
            src="play-store.png"
          />
          <img
            alt="App store"
            src="app-store.png"
          />
        </div>
      </div>
      <div
        className="footer-col-2"
      >
        <div
          className="log"
        >
          <h1>
            Food Meal
          </h1>
        </div>
        <p>
          Nothing brings people together like good food...
        </p>
      </div>
      <div
        className="footer-col-3"
      >
        <h3>
          Useful Links
        </h3>
        <ul>
          <li>
            Coupons
          </li>
          <li>
            Blog Post
          </li>
          <li>
            Return Policy
          </li>
          <li>
            Join Affiliate
          </li>
        </ul>
      </div>
      <div
        className="footer-col-4"
      >
        <h3>
          Follow us
        </h3>
        <ul>
          <li>
            Facebook
          </li>
          <li>
            Twitter
          </li>
          <li>
            Instagram
          </li>
          <li>
            Youtube
          </li>
        </ul>
      </div>
    </div>
    <hr />
    <p
      className="copyright"
    >
      Copyright 2021 - Taiwo Adetona
    </p>
  </div>
</div>
`;
